// Jest Snapshot v1, https://goo.gl/fbAQLP

exports[`main should match definition and pipe flow 1`] = `[Function]`;
